// Jest Snapshot v1, https://goo.gl/fbAQLP

exports[`withCallbackOnce display name should not wrap display name in production env 1`] = `
<WithCallbackOnce>
  <Target />
</WithCallbackOnce>
`;

exports[`withCallbackOnce display name should wrap display name in non-production env 1`] = `
<withCallbackOnce(Target)>
  <Target />
</withCallbackOnce(Target)>
`;

exports[`withCallbackOnce should invoke a callback when condition status has been changed 1`] = `Array []`;

exports[`withCallbackOnce should invoke a callback when condition status has been changed 2`] = `
Array [
  Array [
    Object {
      "a": 11,
      "b": 2,
      "c": 3,
    },
  ],
]
`;

exports[`withCallbackOnce should no-op if condition status is the same 1`] = `Array []`;

exports[`withCallbackOnce should no-op if condition status is the same 2`] = `Array []`;

exports[`withCallbackOnce should pass props through 1`] = `
<withCallbackOnce(Target)
  a={1}
  b={2}
  c={3}
>
  <Target
    a={1}
    b={2}
    c={3}
  />
</withCallbackOnce(Target)>
`;
